// Jest Snapshot v1, https://goo.gl/fbAQLP

exports[`SpearlyForm Snapshot A case using slot 1`] = `
<div>
  <p>
    slot
  </p>
</div>
`;

exports[`SpearlyForm Snapshot Basic 1`] = `
<div>
  <div
    class="spearly-form"
  >
    <h1
      class="spearly-form-name"
    >
      
          Form Name
        
    </h1>
     
    <p
      class="spearly-form-description"
    >
      
          Form description.
        
    </p>
     
    <!---->
     
    <!---->
     
    <fieldset>
      <label
        for="text"
      >
        
            Text
            
        <i>
          *
        </i>
      </label>
       
      <input
        aria-describedby="text-description"
        id="text"
        required="required"
        type="text"
      />
       
      <p
        class="spearly-form-field-description"
        id="text-description"
      >
        
            Text description.
          
      </p>
       
      <!---->
    </fieldset>
    <fieldset>
      <label
        for="number"
      >
        
            Number
            
        <i>
          *
        </i>
      </label>
       
      <input
        aria-describedby="number-description"
        id="number"
        required="required"
        type="number"
      />
       
      <p
        class="spearly-form-field-description"
        id="number-description"
      >
        
            Number description.
          
      </p>
       
      <!---->
    </fieldset>
    <fieldset>
      <label
        for="email"
      >
        
            Email
            
        <i>
          *
        </i>
      </label>
       
      <input
        aria-describedby="email-description"
        id="email"
        required="required"
        type="email"
      />
       
      <p
        class="spearly-form-field-description"
        id="email-description"
      >
        
            Email description.
          
      </p>
       
      <!---->
    </fieldset>
    <fieldset>
      <label
        for="tel"
      >
        
            TEL
            
        <i>
          *
        </i>
      </label>
       
      <input
        aria-describedby="tel-description"
        id="tel"
        required="required"
        type="tel"
      />
       
      <p
        class="spearly-form-field-description"
        id="tel-description"
      >
        
            TEL description.
          
      </p>
       
      <!---->
    </fieldset>
    <fieldset>
      <label
        for="url"
      >
        
            URL
            
        <i>
          *
        </i>
      </label>
       
      <input
        aria-describedby="url-description"
        id="url"
        required="required"
        type="url"
      />
       
      <p
        class="spearly-form-field-description"
        id="url-description"
      >
        
            URL description.
          
      </p>
       
      <!---->
    </fieldset>
    <fieldset>
      <label
        for="textArea"
      >
        
            Textarea
            
        <i>
          *
        </i>
      </label>
       
      <textarea
        aria-describedby="textArea-description"
        id="textArea"
        require="true"
      />
       
      <p
        class="spearly-form-field-description"
        id="textArea-description"
      >
        
            Textarea description.
          
      </p>
       
      <!---->
    </fieldset>
    <fieldset>
      <label>
        
            Radio
            
        <!---->
      </label>
       
      <label
        class="spearly-form-radio"
      >
        <input
          aria-describedby="radio-description"
          name="radio"
          type="radio"
          value="r1"
        />
         
        <span>
          r1
        </span>
      </label>
      <label
        class="spearly-form-radio"
      >
        <input
          aria-describedby="radio-description"
          name="radio"
          type="radio"
          value="r2"
        />
         
        <span>
          r2
        </span>
      </label>
       
      <p
        class="spearly-form-field-description"
        id="radio-description"
      >
        
            Radio description.
          
      </p>
       
      <!---->
    </fieldset>
    <fieldset>
      <label>
        
            Checkbox
            
        <!---->
      </label>
       
      <label
        class="spearly-form-checkbox"
      >
        <input
          aria-describedby="checkbox-description"
          name="checkbox"
          type="checkbox"
          value="c1"
        />
         
        <span>
          c1
        </span>
      </label>
      <label
        class="spearly-form-checkbox"
      >
        <input
          aria-describedby="checkbox-description"
          name="checkbox"
          type="checkbox"
          value="c2"
        />
         
        <span>
          c2
        </span>
      </label>
      <label
        class="spearly-form-checkbox"
      >
        <input
          aria-describedby="checkbox-description"
          name="checkbox"
          type="checkbox"
          value="c3"
        />
         
        <span>
          c3
        </span>
      </label>
       
      <p
        class="spearly-form-field-description"
        id="checkbox-description"
      >
        
            Checkbox description.
          
      </p>
       
      <!---->
    </fieldset>
    <fieldset>
      <label
        for="select"
      >
        
            Select
            
        <!---->
      </label>
       
      <select
        aria-describedby="select-description"
        id="select"
        name="select"
      >
        <option
          value="s1"
        >
          
                s1
              
        </option>
        <option
          value="s2"
        >
          
                s2
              
        </option>
        <option
          value="s3"
        >
          
                s3
              
        </option>
      </select>
       
      <p
        class="spearly-form-field-description"
        id="select-description"
      >
        
            Select description.
          
      </p>
       
      <!---->
    </fieldset>
     
    <input
      name="_spearly_gotcha"
      style="position: absolute; width: 1px; height: 1px; opacity: 0; overflow: hidden;"
      tabindex="-1"
      type="text"
    />
     
    <!---->
     
    <!---->
     
    <button
      class="spearly-form-submit"
    >
      <span>
        Submit
      </span>
    </button>
     
    <!---->
  </div>
</div>
`;
